publish	Set up job	Ôªø2025-08-27T07:43:08.6063850Z Current runner version: '2.328.0'
publish	Set up job	2025-08-27T07:43:08.6088616Z ##[group]Runner Image Provisioner
publish	Set up job	2025-08-27T07:43:08.6089440Z Hosted Compute Agent
publish	Set up job	2025-08-27T07:43:08.6089974Z Version: 20250818.377
publish	Set up job	2025-08-27T07:43:08.6090613Z Commit: 3c593e9f75fe0b87e893bca80d6e12ba089c61fc
publish	Set up job	2025-08-27T07:43:08.6091334Z Build Date: 2025-08-18T14:52:18Z
publish	Set up job	2025-08-27T07:43:08.6091879Z ##[endgroup]
publish	Set up job	2025-08-27T07:43:08.6092595Z ##[group]Operating System
publish	Set up job	2025-08-27T07:43:08.6093148Z Ubuntu
publish	Set up job	2025-08-27T07:43:08.6093564Z 24.04.2
publish	Set up job	2025-08-27T07:43:08.6094056Z LTS
publish	Set up job	2025-08-27T07:43:08.6094469Z ##[endgroup]
publish	Set up job	2025-08-27T07:43:08.6095354Z ##[group]Runner Image
publish	Set up job	2025-08-27T07:43:08.6096037Z Image: ubuntu-24.04
publish	Set up job	2025-08-27T07:43:08.6096502Z Version: 20250818.1.0
publish	Set up job	2025-08-27T07:43:08.6097481Z Included Software: https://github.com/actions/runner-images/blob/ubuntu24/20250818.1/images/ubuntu/Ubuntu2404-Readme.md
publish	Set up job	2025-08-27T07:43:08.6098868Z Image Release: https://github.com/actions/runner-images/releases/tag/ubuntu24%2F20250818.1
publish	Set up job	2025-08-27T07:43:08.6099967Z ##[endgroup]
publish	Set up job	2025-08-27T07:43:08.6101112Z ##[group]GITHUB_TOKEN Permissions
publish	Set up job	2025-08-27T07:43:08.6103109Z Contents: read
publish	Set up job	2025-08-27T07:43:08.6103684Z Metadata: read
publish	Set up job	2025-08-27T07:43:08.6104195Z Packages: write
publish	Set up job	2025-08-27T07:43:08.6104687Z ##[endgroup]
publish	Set up job	2025-08-27T07:43:08.6106879Z Secret source: Actions
publish	Set up job	2025-08-27T07:43:08.6107877Z Prepare workflow directory
publish	Set up job	2025-08-27T07:43:08.6484108Z Prepare all required actions
publish	Set up job	2025-08-27T07:43:08.6521511Z Getting action download info
publish	Set up job	2025-08-27T07:43:09.0420481Z Download action repository 'actions/download-artifact@v4' (SHA:d3f86a106a0bac45b974a628896c90dbdf5c8093)
publish	Set up job	2025-08-27T07:43:09.7729803Z Download action repository 'actions/setup-dotnet@v4' (SHA:67a3573c9a986a3f9c594539f4ab511d57bb3ce9)
publish	Set up job	2025-08-27T07:43:10.2969369Z Download action repository 'actions/create-release@v1' (SHA:0cb9c9b65d5d1901c1f53e5e66eaf4afd303e70e)
publish	Set up job	2025-08-27T07:43:10.7838843Z Complete job name: publish
publish	Download build artifacts	Ôªø2025-08-27T07:43:10.8564729Z ##[group]Run actions/download-artifact@v4
publish	Download build artifacts	2025-08-27T07:43:10.8566393Z with:
publish	Download build artifacts	2025-08-27T07:43:10.8567158Z   name: nuget-packages
publish	Download build artifacts	2025-08-27T07:43:10.8568006Z   path: ./packages
publish	Download build artifacts	2025-08-27T07:43:10.8568811Z   merge-multiple: false
publish	Download build artifacts	2025-08-27T07:43:10.8569812Z   repository: DavidH102/MDFileToRazor
publish	Download build artifacts	2025-08-27T07:43:10.8571312Z   run-id: 17260514871
publish	Download build artifacts	2025-08-27T07:43:10.8572955Z env:
publish	Download build artifacts	2025-08-27T07:43:10.8574162Z   DOTNET_VERSION_8: 8.0.x
publish	Download build artifacts	2025-08-27T07:43:10.8575781Z   DOTNET_VERSION_9: 9.0.x
publish	Download build artifacts	2025-08-27T07:43:10.8577419Z   DOTNET_SKIP_FIRST_TIME_EXPERIENCE: true
publish	Download build artifacts	2025-08-27T07:43:10.8579220Z   DOTNET_CLI_TELEMETRY_OPTOUT: true
publish	Download build artifacts	2025-08-27T07:43:10.8580352Z ##[endgroup]
publish	Download build artifacts	2025-08-27T07:43:11.0585682Z Downloading single artifact
publish	Download build artifacts	2025-08-27T07:43:11.2055869Z Preparing to download the following artifacts:
publish	Download build artifacts	2025-08-27T07:43:11.2058254Z - nuget-packages (ID: 3861031425, Size: 195815, Expected Digest: sha256:8190c19b980067785d4d594783400d3b906e5ec4a59372123b92620b5d4dbf56)
publish	Download build artifacts	2025-08-27T07:43:11.3216601Z Redirecting to blob download url: https://productionresultssa13.blob.core.windows.net/actions-results/1110d27f-f720-4846-ab2c-84ab361b73e7/workflow-job-run-fadbcda0-aad3-574e-8c63-d9f2d6e79883/artifacts/d93da6e17062c1172c020ce25902f61ed013c9fa285306d918531d338359a842.zip
publish	Download build artifacts	2025-08-27T07:43:11.3221977Z Starting download of artifact to: /home/runner/work/MDFileToRazor/MDFileToRazor/packages
publish	Download build artifacts	2025-08-27T07:43:11.5058150Z (node:1967) [DEP0005] DeprecationWarning: Buffer() is deprecated due to security and usability issues. Please use the Buffer.alloc(), Buffer.allocUnsafe(), or Buffer.from() methods instead.
publish	Download build artifacts	2025-08-27T07:43:11.5060285Z (Use `node --trace-deprecation ...` to show where the warning was created)
publish	Download build artifacts	2025-08-27T07:43:11.6613511Z SHA256 digest of downloaded artifact is 8190c19b980067785d4d594783400d3b906e5ec4a59372123b92620b5d4dbf56
publish	Download build artifacts	2025-08-27T07:43:11.6617560Z Artifact download completed successfully.
publish	Download build artifacts	2025-08-27T07:43:11.6618352Z Total of 1 artifact(s) downloaded
publish	Download build artifacts	2025-08-27T07:43:11.6621415Z Download artifact has finished successfully
publish	Setup .NET	Ôªø2025-08-27T07:43:11.6844754Z ##[group]Run actions/setup-dotnet@v4
publish	Setup .NET	2025-08-27T07:43:11.6845889Z with:
publish	Setup .NET	2025-08-27T07:43:11.6846214Z   dotnet-version: 8.0.x
publish	Setup .NET	9.0.x
publish	Setup .NET	
publish	Setup .NET	2025-08-27T07:43:11.6846710Z   source-url: https://nuget.pkg.github.com/DavidH102/index.json
publish	Setup .NET	2025-08-27T07:43:11.6847220Z   cache: false
publish	Setup .NET	2025-08-27T07:43:11.6847505Z env:
publish	Setup .NET	2025-08-27T07:43:11.6847781Z   DOTNET_VERSION_8: 8.0.x
publish	Setup .NET	2025-08-27T07:43:11.6848112Z   DOTNET_VERSION_9: 9.0.x
publish	Setup .NET	2025-08-27T07:43:11.6848458Z   DOTNET_SKIP_FIRST_TIME_EXPERIENCE: true
publish	Setup .NET	2025-08-27T07:43:11.6848868Z   DOTNET_CLI_TELEMETRY_OPTOUT: true
publish	Setup .NET	2025-08-27T07:43:11.6849572Z   NUGET_AUTH_TOKEN: ***
publish	Setup .NET	2025-08-27T07:43:11.6849884Z ##[endgroup]
publish	Setup .NET	2025-08-27T07:43:11.8620874Z [command]/home/runner/work/_actions/actions/setup-dotnet/v4/externals/install-dotnet.sh --skip-non-versioned-files --runtime dotnet --channel LTS
publish	Setup .NET	2025-08-27T07:43:12.4993232Z dotnet-install: Attempting to download using aka.ms link https://builds.dotnet.microsoft.com/dotnet/Runtime/8.0.19/dotnet-runtime-8.0.19-linux-x64.tar.gz
publish	Setup .NET	2025-08-27T07:43:12.8449801Z dotnet-install: Remote file https://builds.dotnet.microsoft.com/dotnet/Runtime/8.0.19/dotnet-runtime-8.0.19-linux-x64.tar.gz size is 31273338 bytes.
publish	Setup .NET	2025-08-27T07:43:12.8454179Z dotnet-install: Extracting archive from https://builds.dotnet.microsoft.com/dotnet/Runtime/8.0.19/dotnet-runtime-8.0.19-linux-x64.tar.gz
publish	Setup .NET	2025-08-27T07:43:13.4569285Z dotnet-install: Downloaded file size is 31273338 bytes.
publish	Setup .NET	2025-08-27T07:43:13.4570797Z dotnet-install: The remote and local file sizes are equal.
publish	Setup .NET	2025-08-27T07:43:13.4845259Z dotnet-install: Installed version is 8.0.19
publish	Setup .NET	2025-08-27T07:43:13.4900114Z dotnet-install: Adding to current process PATH: `/usr/share/dotnet`. Note: This change will be visible only when sourcing script.
publish	Setup .NET	2025-08-27T07:43:13.4902764Z dotnet-install: Note that the script does not resolve dependencies during installation.
publish	Setup .NET	2025-08-27T07:43:13.4904514Z dotnet-install: To check the list of dependencies, go to https://learn.microsoft.com/dotnet/core/install, select your operating system and check the "Dependencies" section.
publish	Setup .NET	2025-08-27T07:43:13.4906353Z dotnet-install: Installation finished successfully.
publish	Setup .NET	2025-08-27T07:43:13.4946269Z [command]/home/runner/work/_actions/actions/setup-dotnet/v4/externals/install-dotnet.sh --skip-non-versioned-files --channel 8.0
publish	Setup .NET	2025-08-27T07:43:13.9383790Z dotnet-install: Attempting to download using aka.ms link https://builds.dotnet.microsoft.com/dotnet/Sdk/8.0.413/dotnet-sdk-8.0.413-linux-x64.tar.gz
publish	Setup .NET	2025-08-27T07:43:15.1927192Z dotnet-install: Remote file https://builds.dotnet.microsoft.com/dotnet/Sdk/8.0.413/dotnet-sdk-8.0.413-linux-x64.tar.gz size is 216148286 bytes.
publish	Setup .NET	2025-08-27T07:43:15.1929226Z dotnet-install: Extracting archive from https://builds.dotnet.microsoft.com/dotnet/Sdk/8.0.413/dotnet-sdk-8.0.413-linux-x64.tar.gz
publish	Setup .NET	2025-08-27T07:43:19.6901995Z dotnet-install: Downloaded file size is 216148286 bytes.
publish	Setup .NET	2025-08-27T07:43:19.6903004Z dotnet-install: The remote and local file sizes are equal.
publish	Setup .NET	2025-08-27T07:43:19.9554484Z dotnet-install: Installed version is 8.0.413
publish	Setup .NET	2025-08-27T07:43:19.9611950Z dotnet-install: Adding to current process PATH: `/usr/share/dotnet`. Note: This change will be visible only when sourcing script.
publish	Setup .NET	2025-08-27T07:43:19.9613782Z dotnet-install: Note that the script does not resolve dependencies during installation.
publish	Setup .NET	2025-08-27T07:43:19.9615644Z dotnet-install: To check the list of dependencies, go to https://learn.microsoft.com/dotnet/core/install, select your operating system and check the "Dependencies" section.
publish	Setup .NET	2025-08-27T07:43:19.9616628Z dotnet-install: Installation finished successfully.
publish	Setup .NET	2025-08-27T07:43:19.9639401Z [command]/home/runner/work/_actions/actions/setup-dotnet/v4/externals/install-dotnet.sh --skip-non-versioned-files --runtime dotnet --channel LTS
publish	Setup .NET	2025-08-27T07:43:20.4820119Z dotnet-install: .NET Core Runtime with version '8.0.19' is already installed.
publish	Setup .NET	2025-08-27T07:43:20.4830720Z [command]/home/runner/work/_actions/actions/setup-dotnet/v4/externals/install-dotnet.sh --skip-non-versioned-files --channel 9.0
publish	Setup .NET	2025-08-27T07:43:20.9232445Z dotnet-install: Attempting to download using aka.ms link https://builds.dotnet.microsoft.com/dotnet/Sdk/9.0.304/dotnet-sdk-9.0.304-linux-x64.tar.gz
publish	Setup .NET	2025-08-27T07:43:23.4037850Z dotnet-install: Remote file https://builds.dotnet.microsoft.com/dotnet/Sdk/9.0.304/dotnet-sdk-9.0.304-linux-x64.tar.gz size is 217812954 bytes.
publish	Setup .NET	2025-08-27T07:43:23.4041226Z dotnet-install: Extracting archive from https://builds.dotnet.microsoft.com/dotnet/Sdk/9.0.304/dotnet-sdk-9.0.304-linux-x64.tar.gz
publish	Setup .NET	2025-08-27T07:43:28.0132906Z dotnet-install: Downloaded file size is 217812954 bytes.
publish	Setup .NET	2025-08-27T07:43:28.0134299Z dotnet-install: The remote and local file sizes are equal.
publish	Setup .NET	2025-08-27T07:43:28.2735951Z dotnet-install: Installed version is 9.0.304
publish	Setup .NET	2025-08-27T07:43:28.2795798Z dotnet-install: Adding to current process PATH: `/usr/share/dotnet`. Note: This change will be visible only when sourcing script.
publish	Setup .NET	2025-08-27T07:43:28.2797355Z dotnet-install: Note that the script does not resolve dependencies during installation.
publish	Setup .NET	2025-08-27T07:43:28.2798958Z dotnet-install: To check the list of dependencies, go to https://learn.microsoft.com/dotnet/core/install, select your operating system and check the "Dependencies" section.
publish	Setup .NET	2025-08-27T07:43:28.2800381Z dotnet-install: Installation finished successfully.
publish	Setup .NET	2025-08-27T07:43:28.2819665Z dotnet-auth: Finding any source references in /home/runner/work/MDFileToRazor/MDFileToRazor/nuget.config, writing a new temporary configuration file with credentials to /home/runner/work/MDFileToRazor/nuget.config
publish	Publish to GitHub Packages	Ôªø2025-08-27T07:43:28.2972512Z ##[group]Run for pkg in ./packages/*.nupkg; do
publish	Publish to GitHub Packages	2025-08-27T07:43:28.2973061Z [36;1mfor pkg in ./packages/*.nupkg; do[0m
publish	Publish to GitHub Packages	2025-08-27T07:43:28.2973556Z [36;1m  echo "Publishing $pkg to GitHub Packages"[0m
publish	Publish to GitHub Packages	2025-08-27T07:43:28.2974504Z [36;1m  dotnet nuget push "$pkg" --source https://nuget.pkg.github.com/DavidH102/index.json --api-key *** --skip-duplicate[0m
publish	Publish to GitHub Packages	2025-08-27T07:43:28.2975408Z [36;1mdone[0m
publish	Publish to GitHub Packages	2025-08-27T07:43:28.3057048Z shell: /usr/bin/bash -e {0}
publish	Publish to GitHub Packages	2025-08-27T07:43:28.3057405Z env:
publish	Publish to GitHub Packages	2025-08-27T07:43:28.3057847Z   DOTNET_VERSION_8: 8.0.x
publish	Publish to GitHub Packages	2025-08-27T07:43:28.3058139Z   DOTNET_VERSION_9: 9.0.x
publish	Publish to GitHub Packages	2025-08-27T07:43:28.3058456Z   DOTNET_SKIP_FIRST_TIME_EXPERIENCE: true
publish	Publish to GitHub Packages	2025-08-27T07:43:28.3058908Z   DOTNET_CLI_TELEMETRY_OPTOUT: true
publish	Publish to GitHub Packages	2025-08-27T07:43:28.3059269Z   DOTNET_ROOT: /usr/share/dotnet
publish	Publish to GitHub Packages	2025-08-27T07:43:28.3059545Z ##[endgroup]
publish	Publish to GitHub Packages	2025-08-27T07:43:28.3144547Z Publishing ./packages/MarkdownToRazor.2.0.1.nupkg to GitHub Packages
publish	Publish to GitHub Packages	2025-08-27T07:43:29.0409946Z Pushing MarkdownToRazor.2.0.1.nupkg to 'https://nuget.pkg.github.com/DavidH102'...
publish	Publish to GitHub Packages	2025-08-27T07:43:29.0426537Z   PUT https://nuget.pkg.github.com/DavidH102/
publish	Publish to GitHub Packages	2025-08-27T07:43:29.2405390Z warn : Error: Version 2.0.1 of "MarkdownToRazor" has already been pushed.
publish	Publish to GitHub Packages	2025-08-27T07:43:29.2407212Z   Conflict https://nuget.pkg.github.com/DavidH102/ 198ms
publish	Publish to GitHub Packages	2025-08-27T07:43:29.2413421Z Package '/home/runner/work/MDFileToRazor/MDFileToRazor/./packages/MarkdownToRazor.2.0.1.nupkg' already exists at feed 'https://nuget.pkg.github.com/DavidH102'.
publish	Publish to NuGet.org	Ôªø2025-08-27T07:43:29.2614619Z ##[group]Run for pkg in ./packages/*.nupkg; do
publish	Publish to NuGet.org	2025-08-27T07:43:29.2615441Z [36;1mfor pkg in ./packages/*.nupkg; do[0m
publish	Publish to NuGet.org	2025-08-27T07:43:29.2615852Z [36;1m  echo "Publishing $pkg to NuGet.org"[0m
publish	Publish to NuGet.org	2025-08-27T07:43:29.2616740Z [36;1m  dotnet nuget push "$pkg" --source https://api.nuget.org/v3/index.json --api-key *** --skip-duplicate[0m
publish	Publish to NuGet.org	2025-08-27T07:43:29.2617385Z [36;1mdone[0m
publish	Publish to NuGet.org	2025-08-27T07:43:29.2657485Z shell: /usr/bin/bash -e {0}
publish	Publish to NuGet.org	2025-08-27T07:43:29.2657831Z env:
publish	Publish to NuGet.org	2025-08-27T07:43:29.2658106Z   DOTNET_VERSION_8: 8.0.x
publish	Publish to NuGet.org	2025-08-27T07:43:29.2658417Z   DOTNET_VERSION_9: 9.0.x
publish	Publish to NuGet.org	2025-08-27T07:43:29.2658793Z   DOTNET_SKIP_FIRST_TIME_EXPERIENCE: true
publish	Publish to NuGet.org	2025-08-27T07:43:29.2659162Z   DOTNET_CLI_TELEMETRY_OPTOUT: true
publish	Publish to NuGet.org	2025-08-27T07:43:29.2659557Z   DOTNET_ROOT: /usr/share/dotnet
publish	Publish to NuGet.org	2025-08-27T07:43:29.2659842Z ##[endgroup]
publish	Publish to NuGet.org	2025-08-27T07:43:29.2779909Z Publishing ./packages/MarkdownToRazor.2.0.1.nupkg to NuGet.org
publish	Publish to NuGet.org	2025-08-27T07:43:29.7631502Z Pushing MarkdownToRazor.2.0.1.nupkg to 'https://www.nuget.org/api/v2/package'...
publish	Publish to NuGet.org	2025-08-27T07:43:29.7651992Z   PUT https://www.nuget.org/api/v2/package/
publish	Publish to NuGet.org	2025-08-27T07:43:30.0805667Z   Created https://www.nuget.org/api/v2/package/ 315ms
publish	Publish to NuGet.org	2025-08-27T07:43:30.0818865Z Your package was pushed.
publish	Create GitHub Release (for tags)	Ôªø2025-08-27T07:43:30.0993592Z ##[group]Run actions/create-release@v1
publish	Create GitHub Release (for tags)	2025-08-27T07:43:30.0993881Z with:
publish	Create GitHub Release (for tags)	2025-08-27T07:43:30.0994068Z   tag_name: v2.0.1
publish	Create GitHub Release (for tags)	2025-08-27T07:43:30.0994279Z   release_name: Release v2.0.1
publish	Create GitHub Release (for tags)	2025-08-27T07:43:30.0994503Z   draft: false
publish	Create GitHub Release (for tags)	2025-08-27T07:43:30.0994685Z   prerelease: false
publish	Create GitHub Release (for tags)	2025-08-27T07:43:30.0997129Z   body: ## Changes in this Release
publish	Create GitHub Release (for tags)	
publish	Create GitHub Release (for tags)	See the [CHANGELOG.md](CHANGELOG.md) for details.
publish	Create GitHub Release (for tags)	
publish	Create GitHub Release (for tags)	## NuGet Packages
publish	Create GitHub Release (for tags)	
publish	Create GitHub Release (for tags)	The following package has been published to **NuGet.org** and GitHub Packages:
publish	Create GitHub Release (for tags)	
publish	Create GitHub Release (for tags)	### üì¶ **Install from NuGet.org:**
publish	Create GitHub Release (for tags)	```bash
publish	Create GitHub Release (for tags)	dotnet add package MarkdownToRazor
publish	Create GitHub Release (for tags)	```
publish	Create GitHub Release (for tags)	
publish	Create GitHub Release (for tags)	### üêô **Install from GitHub Packages:**
publish	Create GitHub Release (for tags)	```bash
publish	Create GitHub Release (for tags)	dotnet add package MarkdownToRazor --source https://nuget.pkg.github.com/DavidH102/index.json
publish	Create GitHub Release (for tags)	```
publish	Create GitHub Release (for tags)	
publish	Create GitHub Release (for tags)	## Package Description
publish	Create GitHub Release (for tags)	
publish	Create GitHub Release (for tags)	- **`MarkdownToRazor`** - Complete solution for converting Markdown files to Blazor Razor pages with runtime components, build-time code generation, and MSBuild integration
publish	Create GitHub Release (for tags)	
publish	Create GitHub Release (for tags)	## Installation & Usage
publish	Create GitHub Release (for tags)	
publish	Create GitHub Release (for tags)	See [README.md](README.md) for complete installation and usage instructions.
publish	Create GitHub Release (for tags)	
publish	Create GitHub Release (for tags)	2025-08-27T07:43:30.0999396Z env:
publish	Create GitHub Release (for tags)	2025-08-27T07:43:30.0999577Z   DOTNET_VERSION_8: 8.0.x
publish	Create GitHub Release (for tags)	2025-08-27T07:43:30.0999796Z   DOTNET_VERSION_9: 9.0.x
publish	Create GitHub Release (for tags)	2025-08-27T07:43:30.1000024Z   DOTNET_SKIP_FIRST_TIME_EXPERIENCE: true
publish	Create GitHub Release (for tags)	2025-08-27T07:43:30.1000308Z   DOTNET_CLI_TELEMETRY_OPTOUT: true
publish	Create GitHub Release (for tags)	2025-08-27T07:43:30.1000563Z   DOTNET_ROOT: /usr/share/dotnet
publish	Create GitHub Release (for tags)	2025-08-27T07:43:30.1001004Z   GITHUB_TOKEN: ***
publish	Create GitHub Release (for tags)	2025-08-27T07:43:30.1001199Z ##[endgroup]
publish	Create GitHub Release (for tags)	2025-08-27T07:43:30.3671889Z ##[error]Resource not accessible by integration
publish	Complete job	Ôªø2025-08-27T07:43:30.3761447Z Cleaning up orphan processes
